[INFO ][2018/09/26 09:54:5525 ][com.briup.logger.LogImpl.info(LogImpl.java:23)]
开始创建服务器端........
  [INFO ][2018/09/26 09:54:5529 ][com.briup.logger.LogImpl.info(LogImpl.java:23)]
等待客户端连接............
  [INFO ][2018/09/26 09:55:13887][com.briup.logger.LogImpl.info(LogImpl.java:23)]
开始读取文件.............
  [INFO ][2018/09/26 09:55:17736][com.briup.logger.LogImpl.info(LogImpl.java:23)]
客户端准备开始连接........
  [INFO ][2018/09/26 09:55:17737][com.briup.logger.LogImpl.info(LogImpl.java:23)]
客户端连接成功，开始发送数据........
  [INFO ][2018/09/26 09:55:17737][com.briup.logger.LogImpl.info(LogImpl.java:23)]
客户端连接上服务器端,开始接收数据.......
  [INFO ][2018/09/26 09:55:30721][com.briup.logger.LogImpl.info(LogImpl.java:23)]
服务器端数据接收完成........
  [INFO ][2018/09/26 09:55:30721][com.briup.logger.LogImpl.info(LogImpl.java:23)]
客户端发送数据完成.......
  [INFO ][2018/09/26 09:55:30723][com.briup.logger.LogImpl.info(LogImpl.java:23)]
开始连接数据库..........
  [INFO ][2018/09/26 09:55:31437][com.briup.logger.LogImpl.info(LogImpl.java:23)]
开始入库................
  [INFO ][2018/09/26 09:55:32607][com.briup.logger.LogImpl.info(LogImpl.java:23)]
入库结束............
  [INFO ][2018/09/26 11:31:4810 ][com.briup.logger.LogImpl.info(LogImpl.java:26)]
开始创建服务器端........
  [INFO ][2018/09/26 11:31:4812 ][com.briup.logger.LogImpl.info(LogImpl.java:26)]
等待客户端连接............
  [INFO ][2018/09/26 11:31:53398][com.briup.logger.LogImpl.info(LogImpl.java:26)]
开始读取文件.............
  [INFO ][2018/09/26 11:31:57218][com.briup.logger.LogImpl.info(LogImpl.java:26)]
客户端准备开始连接........
  [INFO ][2018/09/26 11:31:57219][com.briup.logger.LogImpl.info(LogImpl.java:26)]
客户端连接成功，开始发送数据........
  [INFO ][2018/09/26 11:31:57219][com.briup.logger.LogImpl.info(LogImpl.java:26)]
客户端连接上服务器端,开始接收数据.......
  [INFO ][2018/09/26 11:32:10329][com.briup.logger.LogImpl.info(LogImpl.java:26)]
服务器端数据接收完成........
  [INFO ][2018/09/26 11:32:10329][com.briup.logger.LogImpl.info(LogImpl.java:26)]
客户端发送数据完成.......
  [INFO ][2018/09/26 11:32:10330][com.briup.logger.LogImpl.info(LogImpl.java:26)]
开始连接数据库..........
  [INFO ][2018/09/26 11:32:10487][com.briup.logger.LogImpl.info(LogImpl.java:26)]
开始入库................
  [INFO ][2018/09/26 11:32:11287][com.briup.logger.LogImpl.info(LogImpl.java:26)]
入库结束............
  [INFO ][2018/09/26 18:49:39802][com.briup.logger.LogImpl.info(LogImpl.java:26)]
开始创建服务器端........
  [INFO ][2018/09/26 18:49:39812][com.briup.logger.LogImpl.info(LogImpl.java:26)]
等待客户端连接............
  [INFO ][2018/09/26 18:49:50917][com.briup.logger.LogImpl.info(LogImpl.java:26)]
开始读取文件.............
  [INFO ][2018/09/26 18:49:55549][com.briup.logger.LogImpl.info(LogImpl.java:26)]
客户端准备开始连接........
  [INFO ][2018/09/26 18:49:55549][com.briup.logger.LogImpl.info(LogImpl.java:26)]
客户端连接成功，开始发送数据........
  [INFO ][2018/09/26 18:49:55549][com.briup.logger.LogImpl.info(LogImpl.java:26)]
客户端连接上服务器端,开始接收数据.......
  [INFO ][2018/09/26 18:50:03780][com.briup.logger.LogImpl.info(LogImpl.java:26)]
客户端发送数据完成.......
  [INFO ][2018/09/26 18:50:03780][com.briup.logger.LogImpl.info(LogImpl.java:26)]
服务器端数据接收完成........
  [INFO ][2018/09/26 18:50:03780][com.briup.logger.LogImpl.info(LogImpl.java:26)]
开始连接数据库..........
  [INFO ][2018/09/26 18:50:04810][com.briup.logger.LogImpl.info(LogImpl.java:26)]
开始入库................
  [INFO ][2018/09/26 18:50:1241 ][com.briup.logger.LogImpl.info(LogImpl.java:26)]
入库结束............
  